Traceback (most recent call last):
  File "/home/frisokroes/loco-mujoco-linux/loco-mujoco/examples/training_examples/jax_gail/experiment.py", line 71, in experiment
    out = train_fn(_rng)
          ^^^^^^^^^^^^^^
  File "/home/frisokroes/loco-mujoco-linux/loco-mujoco/loco_mujoco/algorithms/common/base_algorithm.py", line 65, in <lambda>
    return lambda rng_key: cls._train_fn(rng_key, env, agent_conf, mh=mh)
                           ^^^^^^^^^^^^^^^^^^^^^^^^^^^^^^^^^^^^^^^^^^^^^^
  File "/home/frisokroes/loco-mujoco-linux/loco-mujoco/loco_mujoco/algorithms/gail_jax.py", line 232, in _train_fn
    obsv, env_state = env.reset(reset_rng)
                      ^^^^^^^^^^^^^^^^^^^^
  File "/home/frisokroes/loco-mujoco-linux/loco-mujoco/loco_mujoco/core/wrappers/mjx.py", line 222, in reset
    obs, state = self.env.reset(key)
                 ^^^^^^^^^^^^^^^^^^^
  File "/home/frisokroes/loco-mujoco-linux/loco-mujoco/loco_mujoco/core/wrappers/mjx.py", line 127, in reset
    obs, env_state = self.env.reset(rng_key)
                     ^^^^^^^^^^^^^^^^^^^^^^^
  File "/home/frisokroes/loco-mujoco-linux/loco-mujoco/loco_mujoco/core/wrappers/mjx.py", line 26, in reset
    state = self.env.mjx_reset(rng_key)
            ^^^^^^^^^^^^^^^^^^^^^^^^^^^
  File "/home/frisokroes/loco-mujoco-linux/loco-mujoco/loco_mujoco/environments/base.py", line 653, in mjx_reset
    return super().mjx_reset(key)
           ^^^^^^^^^^^^^^^^^^^^^^
  File "/home/frisokroes/loco-mujoco-linux/loco-mujoco/loco_mujoco/core/mujoco_mjx.py", line 109, in mjx_reset
    data = self._first_data
           ^^^^^^^^^^^^^^^^
AttributeError: 'MyoSkeleton' object has no attribute '_first_data'
--------------------
For simplicity, JAX has removed its internal frames from the traceback of the following exception. Set JAX_TRACEBACK_FILTERING=off to include these.
